[36mvite v6.4.1 [32mbuilding for production...[36m[39m
transforming...

/graph-preview.jpg referenced in /graph-preview.jpg didn't resolve at build time, it will remain unchanged to be resolved at runtime
[32mÔ£ô[39m 3522 modules transformed.
Ô£ù Build failed in 19.17s
error during build:
[vite:terser] terser not found. Since Vite v3, terser has become an optional dependency. You need to install it.
    at loadTerserPath (file:///C:/Users/bruce/Documents/Clients/Fandom/node_modules/vite/dist/node/chunks/dep-D4NMHUTW.js:9752:13)
    at Object.renderChunk (file:///C:/Users/bruce/Documents/Clients/Fandom/node_modules/vite/dist/node/chunks/dep-D4NMHUTW.js:9793:27)
    at Object.handler (file:///C:/Users/bruce/Documents/Clients/Fandom/node_modules/vite/dist/node/chunks/dep-D4NMHUTW.js:46558:15)
    at file:///C:/Users/bruce/Documents/Clients/Fandom/node_modules/rollup/dist/es/shared/node-entry.js:22545:40
    at process.processTicksAndRejections (node:internal/process/task_queues:105:5)
