­ƒº¬ Verifying Deep Enrichment Trigger logic...
Step 1: Testing identifyEnrichmentGaps...
Identified Gaps: [ 'incomplete_user' ]
Ô£à identifyEnrichmentGaps correctly identified the hollow node.
Step 2: Mocking runApifyActor and mongoService and calling performDeepEnrichment...
Calling performDeepEnrichment...
[Enrichment] ÔÜá´©Å Found 1 profiles with missing data for Dataset test-dataset. Triggering Deep Enrichment...
[Enrichment] ÔÅ│ Setting isEnriching flag for Job test-job...
[Enrichment] ÔØî Deep Enrichment failed: Database not connected
Actor Called: false
Target Usernames: []
ÔØî performDeepEnrichment failed to trigger actor or missed the gap.
